Analysis & Synthesis report for relogio
Fri Apr 10 11:20:43 2026
Quartus Prime Version 18.1.0 Build 625 09/12/2018 SJ Lite Edition


---------------------
; Table of Contents ;
---------------------
  1. Legal Notice
  2. Analysis & Synthesis Summary
  3. Analysis & Synthesis Settings
  4. Parallel Compilation
  5. Analysis & Synthesis Source Files Read
  6. Analysis & Synthesis Resource Usage Summary
  7. Analysis & Synthesis Resource Utilization by Entity
  8. Registers Removed During Synthesis
  9. General Register Statistics
 10. Parameter Settings for User Entity Instance: divisor_frequencia:div_clk
 11. Parameter Settings for User Entity Instance: mux2_1:MUX1
 12. Parameter Settings for User Entity Instance: mux2_1:MUX2
 13. Parameter Settings for User Entity Instance: mux2_1:MUX3
 14. Parameter Settings for User Entity Instance: mux2_1:MUX4
 15. Port Connectivity Checks: "ffjk:FF_SEL"
 16. Port Connectivity Checks: "CD4024B:U_4024"
 17. Port Connectivity Checks: "CD4510B:D_Hr"
 18. Port Connectivity Checks: "CD4510B:U_Hr"
 19. Port Connectivity Checks: "CD4510B:D_Min"
 20. Port Connectivity Checks: "CD4510B:U_Min"
 21. Port Connectivity Checks: "CD4510B:D_Sec"
 22. Port Connectivity Checks: "CD4510B:U_Sec"
 23. Post-Synthesis Netlist Statistics for Top Partition
 24. Elapsed Time Per Partition
 25. Analysis & Synthesis Messages



----------------
; Legal Notice ;
----------------
Copyright (C) 2018  Intel Corporation. All rights reserved.
Your use of Intel Corporation's design tools, logic functions 
and other software and tools, and its AMPP partner logic 
functions, and any output files from any of the foregoing 
(including device programming or simulation files), and any 
associated documentation or information are expressly subject 
to the terms and conditions of the Intel Program License 
Subscription Agreement, the Intel Quartus Prime License Agreement,
the Intel FPGA IP License Agreement, or other applicable license
agreement, including, without limitation, that your use is for
the sole purpose of programming logic devices manufactured by
Intel and sold by Intel or its authorized distributors.  Please
refer to the applicable agreement for further details.



+----------------------------------------------------------------------------------+
; Analysis & Synthesis Summary                                                     ;
+------------------------------------+---------------------------------------------+
; Analysis & Synthesis Status        ; Successful - Fri Apr 10 11:20:43 2026       ;
; Quartus Prime Version              ; 18.1.0 Build 625 09/12/2018 SJ Lite Edition ;
; Revision Name                      ; relogio                                     ;
; Top-level Entity Name              ; relogio                                     ;
; Family                             ; MAX 10                                      ;
; Total logic elements               ; 132                                         ;
;     Total combinational functions  ; 132                                         ;
;     Dedicated logic registers      ; 55                                          ;
; Total registers                    ; 55                                          ;
; Total pins                         ; 30                                          ;
; Total virtual pins                 ; 0                                           ;
; Total memory bits                  ; 0                                           ;
; Embedded Multiplier 9-bit elements ; 0                                           ;
; Total PLLs                         ; 0                                           ;
; UFM blocks                         ; 0                                           ;
; ADC blocks                         ; 0                                           ;
+------------------------------------+---------------------------------------------+


+------------------------------------------------------------------------------------------------------------+
; Analysis & Synthesis Settings                                                                              ;
+------------------------------------------------------------------+--------------------+--------------------+
; Option                                                           ; Setting            ; Default Value      ;
+------------------------------------------------------------------+--------------------+--------------------+
; Device                                                           ; 10M50DAF484C7G     ;                    ;
; Top-level entity name                                            ; relogio            ; relogio            ;
; Family name                                                      ; MAX 10             ; Cyclone V          ;
; Use smart compilation                                            ; Off                ; Off                ;
; Enable parallel Assembler and Timing Analyzer during compilation ; On                 ; On                 ;
; Enable compact report table                                      ; Off                ; Off                ;
; Restructure Multiplexers                                         ; Auto               ; Auto               ;
; Create Debugging Nodes for IP Cores                              ; Off                ; Off                ;
; Preserve fewer node names                                        ; On                 ; On                 ;
; Intel FPGA IP Evaluation Mode                                    ; Enable             ; Enable             ;
; Verilog Version                                                  ; Verilog_2001       ; Verilog_2001       ;
; VHDL Version                                                     ; VHDL_1993          ; VHDL_1993          ;
; State Machine Processing                                         ; Auto               ; Auto               ;
; Safe State Machine                                               ; Off                ; Off                ;
; Extract Verilog State Machines                                   ; On                 ; On                 ;
; Extract VHDL State Machines                                      ; On                 ; On                 ;
; Ignore Verilog initial constructs                                ; Off                ; Off                ;
; Iteration limit for constant Verilog loops                       ; 5000               ; 5000               ;
; Iteration limit for non-constant Verilog loops                   ; 250                ; 250                ;
; Add Pass-Through Logic to Inferred RAMs                          ; On                 ; On                 ;
; Infer RAMs from Raw Logic                                        ; On                 ; On                 ;
; Parallel Synthesis                                               ; On                 ; On                 ;
; DSP Block Balancing                                              ; Auto               ; Auto               ;
; NOT Gate Push-Back                                               ; On                 ; On                 ;
; Power-Up Don't Care                                              ; On                 ; On                 ;
; Remove Redundant Logic Cells                                     ; Off                ; Off                ;
; Remove Duplicate Registers                                       ; On                 ; On                 ;
; Ignore CARRY Buffers                                             ; Off                ; Off                ;
; Ignore CASCADE Buffers                                           ; Off                ; Off                ;
; Ignore GLOBAL Buffers                                            ; Off                ; Off                ;
; Ignore ROW GLOBAL Buffers                                        ; Off                ; Off                ;
; Ignore LCELL Buffers                                             ; Off                ; Off                ;
; Ignore SOFT Buffers                                              ; On                 ; On                 ;
; Limit AHDL Integers to 32 Bits                                   ; Off                ; Off                ;
; Optimization Technique                                           ; Balanced           ; Balanced           ;
; Carry Chain Length                                               ; 70                 ; 70                 ;
; Auto Carry Chains                                                ; On                 ; On                 ;
; Auto Open-Drain Pins                                             ; On                 ; On                 ;
; Perform WYSIWYG Primitive Resynthesis                            ; Off                ; Off                ;
; Auto ROM Replacement                                             ; On                 ; On                 ;
; Auto RAM Replacement                                             ; On                 ; On                 ;
; Auto DSP Block Replacement                                       ; On                 ; On                 ;
; Auto Shift Register Replacement                                  ; Auto               ; Auto               ;
; Allow Shift Register Merging across Hierarchies                  ; Auto               ; Auto               ;
; Auto Clock Enable Replacement                                    ; On                 ; On                 ;
; Strict RAM Replacement                                           ; Off                ; Off                ;
; Allow Synchronous Control Signals                                ; On                 ; On                 ;
; Force Use of Synchronous Clear Signals                           ; Off                ; Off                ;
; Auto RAM Block Balancing                                         ; On                 ; On                 ;
; Auto RAM to Logic Cell Conversion                                ; Off                ; Off                ;
; Auto Resource Sharing                                            ; Off                ; Off                ;
; Allow Any RAM Size For Recognition                               ; Off                ; Off                ;
; Allow Any ROM Size For Recognition                               ; Off                ; Off                ;
; Allow Any Shift Register Size For Recognition                    ; Off                ; Off                ;
; Use LogicLock Constraints during Resource Balancing              ; On                 ; On                 ;
; Ignore translate_off and synthesis_off directives                ; Off                ; Off                ;
; Timing-Driven Synthesis                                          ; On                 ; On                 ;
; Report Parameter Settings                                        ; On                 ; On                 ;
; Report Source Assignments                                        ; On                 ; On                 ;
; Report Connectivity Checks                                       ; On                 ; On                 ;
; Ignore Maximum Fan-Out Assignments                               ; Off                ; Off                ;
; Synchronization Register Chain Length                            ; 2                  ; 2                  ;
; Power Optimization During Synthesis                              ; Normal compilation ; Normal compilation ;
; HDL message level                                                ; Level2             ; Level2             ;
; Suppress Register Optimization Related Messages                  ; Off                ; Off                ;
; Number of Removed Registers Reported in Synthesis Report         ; 5000               ; 5000               ;
; Number of Swept Nodes Reported in Synthesis Report               ; 5000               ; 5000               ;
; Number of Inverted Registers Reported in Synthesis Report        ; 100                ; 100                ;
; Clock MUX Protection                                             ; On                 ; On                 ;
; Auto Gated Clock Conversion                                      ; Off                ; Off                ;
; Block Design Naming                                              ; Auto               ; Auto               ;
; SDC constraint protection                                        ; Off                ; Off                ;
; Synthesis Effort                                                 ; Auto               ; Auto               ;
; Shift Register Replacement - Allow Asynchronous Clear Signal     ; On                 ; On                 ;
; Pre-Mapping Resynthesis Optimization                             ; Off                ; Off                ;
; Analysis & Synthesis Message Level                               ; Medium             ; Medium             ;
; Disable Register Merging Across Hierarchies                      ; Auto               ; Auto               ;
; Resource Aware Inference For Block RAM                           ; On                 ; On                 ;
+------------------------------------------------------------------+--------------------+--------------------+


+------------------------------------------+
; Parallel Compilation                     ;
+----------------------------+-------------+
; Processors                 ; Number      ;
+----------------------------+-------------+
; Number detected on machine ; 8           ;
; Maximum allowed            ; 8           ;
;                            ;             ;
; Average used               ; 1.00        ;
; Maximum used               ; 8           ;
;                            ;             ;
; Usage by Processor         ; % Time Used ;
;     Processor 1            ; 100.0%      ;
;     Processor 2            ;   0.0%      ;
;     Processors 3-8         ;   0.0%      ;
+----------------------------+-------------+


+----------------------------------------------------------------------------------------------------------------------------------------------------------------------------+
; Analysis & Synthesis Source Files Read                                                                                                                                     ;
+----------------------------------+-----------------+------------------------+------------------------------------------------------------------------------------+---------+
; File Name with User-Entered Path ; Used in Netlist ; File Type              ; File Name with Absolute Path                                                       ; Library ;
+----------------------------------+-----------------+------------------------+------------------------------------------------------------------------------------+---------+
; CD4510B.v                        ; yes             ; User Verilog HDL File  ; C:/Users/jp_da/Downloads/eletrica/ED2/Projetos/Lista1/Quartus/CD4510B.v            ;         ;
; mux2_1.v                         ; yes             ; User Verilog HDL File  ; C:/Users/jp_da/Downloads/eletrica/ED2/Projetos/Lista1/Quartus/mux2_1.v             ;         ;
; ffjk.v                           ; yes             ; User Verilog HDL File  ; C:/Users/jp_da/Downloads/eletrica/ED2/Projetos/Lista1/Quartus/ffjk.v               ;         ;
; decodificador_7seg.v             ; yes             ; User Verilog HDL File  ; C:/Users/jp_da/Downloads/eletrica/ED2/Projetos/Lista1/Quartus/decodificador_7seg.v ;         ;
; CD4024B.v                        ; yes             ; User Verilog HDL File  ; C:/Users/jp_da/Downloads/eletrica/ED2/Projetos/Lista1/Quartus/CD4024B.v            ;         ;
; divisor_frequencia.v             ; yes             ; User Verilog HDL File  ; C:/Users/jp_da/Downloads/eletrica/ED2/Projetos/Lista1/Quartus/divisor_frequencia.v ;         ;
; relogio.v                        ; yes             ; User Verilog HDL File  ; C:/Users/jp_da/Downloads/eletrica/ED2/Projetos/Lista1/Quartus/relogio.v            ;         ;
+----------------------------------+-----------------+------------------------+------------------------------------------------------------------------------------+---------+


+-----------------------------------------------------------+
; Analysis & Synthesis Resource Usage Summary               ;
+---------------------------------------------+-------------+
; Resource                                    ; Usage       ;
+---------------------------------------------+-------------+
; Estimated Total logic elements              ; 132         ;
;                                             ;             ;
; Total combinational functions               ; 132         ;
; Logic element usage by number of LUT inputs ;             ;
;     -- 4 input functions                    ; 48          ;
;     -- 3 input functions                    ; 41          ;
;     -- <=2 input functions                  ; 43          ;
;                                             ;             ;
; Logic elements by mode                      ;             ;
;     -- normal mode                          ; 106         ;
;     -- arithmetic mode                      ; 26          ;
;                                             ;             ;
; Total registers                             ; 55          ;
;     -- Dedicated logic registers            ; 55          ;
;     -- I/O registers                        ; 0           ;
;                                             ;             ;
; I/O pins                                    ; 30          ;
;                                             ;             ;
; Embedded Multiplier 9-bit elements          ; 0           ;
;                                             ;             ;
; Maximum fan-out node                        ; RST_G~input ;
; Maximum fan-out                             ; 39          ;
; Total fan-out                               ; 641         ;
; Average fan-out                             ; 2.60        ;
+---------------------------------------------+-------------+


+----------------------------------------------------------------------------------------------------------------------------------------------------------------------------------------------------------------------------------------------------------------+
; Analysis & Synthesis Resource Utilization by Entity                                                                                                                                                                                                            ;
+---------------------------------+---------------------+---------------------------+-------------+------------+--------------+---------+-----------+------+--------------+------------+-------------------------------------+--------------------+--------------+
; Compilation Hierarchy Node      ; Combinational ALUTs ; Dedicated Logic Registers ; Memory Bits ; UFM Blocks ; DSP Elements ; DSP 9x9 ; DSP 18x18 ; Pins ; Virtual Pins ; ADC blocks ; Full Hierarchy Name                 ; Entity Name        ; Library Name ;
+---------------------------------+---------------------+---------------------------+-------------+------------+--------------+---------+-----------+------+--------------+------------+-------------------------------------+--------------------+--------------+
; |relogio                        ; 132 (9)             ; 55 (0)                    ; 0           ; 0          ; 0            ; 0       ; 0         ; 30   ; 0            ; 0          ; |relogio                            ; relogio            ; work         ;
;    |CD4024B:U_4024|             ; 4 (4)               ; 4 (4)                     ; 0           ; 0          ; 0            ; 0       ; 0         ; 0    ; 0            ; 0          ; |relogio|CD4024B:U_4024             ; CD4024B            ; work         ;
;    |CD4510B:D_Hr|               ; 4 (4)               ; 4 (4)                     ; 0           ; 0          ; 0            ; 0       ; 0         ; 0    ; 0            ; 0          ; |relogio|CD4510B:D_Hr               ; CD4510B            ; work         ;
;    |CD4510B:D_Min|              ; 4 (4)               ; 4 (4)                     ; 0           ; 0          ; 0            ; 0       ; 0         ; 0    ; 0            ; 0          ; |relogio|CD4510B:D_Min              ; CD4510B            ; work         ;
;    |CD4510B:D_Sec|              ; 4 (4)               ; 4 (4)                     ; 0           ; 0          ; 0            ; 0       ; 0         ; 0    ; 0            ; 0          ; |relogio|CD4510B:D_Sec              ; CD4510B            ; work         ;
;    |CD4510B:U_Hr|               ; 6 (6)               ; 4 (4)                     ; 0           ; 0          ; 0            ; 0       ; 0         ; 0    ; 0            ; 0          ; |relogio|CD4510B:U_Hr               ; CD4510B            ; work         ;
;    |CD4510B:U_Min|              ; 5 (5)               ; 4 (4)                     ; 0           ; 0          ; 0            ; 0       ; 0         ; 0    ; 0            ; 0          ; |relogio|CD4510B:U_Min              ; CD4510B            ; work         ;
;    |CD4510B:U_Sec|              ; 5 (5)               ; 4 (4)                     ; 0           ; 0          ; 0            ; 0       ; 0         ; 0    ; 0            ; 0          ; |relogio|CD4510B:U_Sec              ; CD4510B            ; work         ;
;    |decodificador_7seg:Dec1|    ; 7 (7)               ; 0 (0)                     ; 0           ; 0          ; 0            ; 0       ; 0         ; 0    ; 0            ; 0          ; |relogio|decodificador_7seg:Dec1    ; decodificador_7seg ; work         ;
;    |decodificador_7seg:Dec2|    ; 7 (7)               ; 0 (0)                     ; 0           ; 0          ; 0            ; 0       ; 0         ; 0    ; 0            ; 0          ; |relogio|decodificador_7seg:Dec2    ; decodificador_7seg ; work         ;
;    |decodificador_7seg:Dec3|    ; 7 (7)               ; 0 (0)                     ; 0           ; 0          ; 0            ; 0       ; 0         ; 0    ; 0            ; 0          ; |relogio|decodificador_7seg:Dec3    ; decodificador_7seg ; work         ;
;    |decodificador_7seg:Dec4|    ; 7 (7)               ; 0 (0)                     ; 0           ; 0          ; 0            ; 0       ; 0         ; 0    ; 0            ; 0          ; |relogio|decodificador_7seg:Dec4    ; decodificador_7seg ; work         ;
;    |divisor_frequencia:div_clk| ; 46 (46)             ; 26 (26)                   ; 0           ; 0          ; 0            ; 0       ; 0         ; 0    ; 0            ; 0          ; |relogio|divisor_frequencia:div_clk ; divisor_frequencia ; work         ;
;    |ffjk:FF_SEL|                ; 1 (1)               ; 1 (1)                     ; 0           ; 0          ; 0            ; 0       ; 0         ; 0    ; 0            ; 0          ; |relogio|ffjk:FF_SEL                ; ffjk               ; work         ;
;    |mux2_1:MUX1|                ; 4 (4)               ; 0 (0)                     ; 0           ; 0          ; 0            ; 0       ; 0         ; 0    ; 0            ; 0          ; |relogio|mux2_1:MUX1                ; mux2_1             ; work         ;
;    |mux2_1:MUX2|                ; 4 (4)               ; 0 (0)                     ; 0           ; 0          ; 0            ; 0       ; 0         ; 0    ; 0            ; 0          ; |relogio|mux2_1:MUX2                ; mux2_1             ; work         ;
;    |mux2_1:MUX3|                ; 4 (4)               ; 0 (0)                     ; 0           ; 0          ; 0            ; 0       ; 0         ; 0    ; 0            ; 0          ; |relogio|mux2_1:MUX3                ; mux2_1             ; work         ;
;    |mux2_1:MUX4|                ; 4 (4)               ; 0 (0)                     ; 0           ; 0          ; 0            ; 0       ; 0         ; 0    ; 0            ; 0          ; |relogio|mux2_1:MUX4                ; mux2_1             ; work         ;
+---------------------------------+---------------------+---------------------------+-------------+------------+--------------+---------+-----------+------+--------------+------------+-------------------------------------+--------------------+--------------+
Note: For table entries with two numbers listed, the numbers in parentheses indicate the number of resources of the given type used by the specific entity alone. The numbers listed outside of parentheses indicate the total resources of the given type used by the specific entity and all of its sub-entities in the hierarchy.


+------------------------------------------------------------+
; Registers Removed During Synthesis                         ;
+---------------------------------------+--------------------+
; Register name                         ; Reason for Removal ;
+---------------------------------------+--------------------+
; CD4024B:U_4024|count[4..6]            ; Lost fanout        ;
; Total Number of Removed Registers = 3 ;                    ;
+---------------------------------------+--------------------+


+------------------------------------------------------+
; General Register Statistics                          ;
+----------------------------------------------+-------+
; Statistic                                    ; Value ;
+----------------------------------------------+-------+
; Total registers                              ; 55    ;
; Number of registers using Synchronous Clear  ; 0     ;
; Number of registers using Synchronous Load   ; 0     ;
; Number of registers using Asynchronous Clear ; 55    ;
; Number of registers using Asynchronous Load  ; 0     ;
; Number of registers using Clock Enable       ; 20    ;
; Number of registers using Preset             ; 0     ;
+----------------------------------------------+-------+


+-------------------------------------------------------------------------+
; Parameter Settings for User Entity Instance: divisor_frequencia:div_clk ;
+----------------+----------+---------------------------------------------+
; Parameter Name ; Value    ; Type                                        ;
+----------------+----------+---------------------------------------------+
; MAX            ; 24999999 ; Signed Integer                              ;
+----------------+----------+---------------------------------------------+
Note: In order to hide this table in the UI and the text report file, please set the "Show Parameter Settings in Synthesis Report" option in "Analysis and Synthesis Settings -> More Settings" to "Off".


+----------------------------------------------------------+
; Parameter Settings for User Entity Instance: mux2_1:MUX1 ;
+----------------+-------+---------------------------------+
; Parameter Name ; Value ; Type                            ;
+----------------+-------+---------------------------------+
; WIDTH          ; 4     ; Signed Integer                  ;
+----------------+-------+---------------------------------+
Note: In order to hide this table in the UI and the text report file, please set the "Show Parameter Settings in Synthesis Report" option in "Analysis and Synthesis Settings -> More Settings" to "Off".


+----------------------------------------------------------+
; Parameter Settings for User Entity Instance: mux2_1:MUX2 ;
+----------------+-------+---------------------------------+
; Parameter Name ; Value ; Type                            ;
+----------------+-------+---------------------------------+
; WIDTH          ; 4     ; Signed Integer                  ;
+----------------+-------+---------------------------------+
Note: In order to hide this table in the UI and the text report file, please set the "Show Parameter Settings in Synthesis Report" option in "Analysis and Synthesis Settings -> More Settings" to "Off".


+----------------------------------------------------------+
; Parameter Settings for User Entity Instance: mux2_1:MUX3 ;
+----------------+-------+---------------------------------+
; Parameter Name ; Value ; Type                            ;
+----------------+-------+---------------------------------+
; WIDTH          ; 4     ; Signed Integer                  ;
+----------------+-------+---------------------------------+
Note: In order to hide this table in the UI and the text report file, please set the "Show Parameter Settings in Synthesis Report" option in "Analysis and Synthesis Settings -> More Settings" to "Off".


+----------------------------------------------------------+
; Parameter Settings for User Entity Instance: mux2_1:MUX4 ;
+----------------+-------+---------------------------------+
; Parameter Name ; Value ; Type                            ;
+----------------+-------+---------------------------------+
; WIDTH          ; 4     ; Signed Integer                  ;
+----------------+-------+---------------------------------+
Note: In order to hide this table in the UI and the text report file, please set the "Show Parameter Settings in Synthesis Report" option in "Analysis and Synthesis Settings -> More Settings" to "Off".


+----------------------------------------------------------------------------------------------------------------+
; Port Connectivity Checks: "ffjk:FF_SEL"                                                                        ;
+------+--------+----------+-------------------------------------------------------------------------------------+
; Port ; Type   ; Severity ; Details                                                                             ;
+------+--------+----------+-------------------------------------------------------------------------------------+
; NQ   ; Output ; Info     ; Connected to dangling logic. Logic that only feeds a dangling port will be removed. ;
+------+--------+----------+-------------------------------------------------------------------------------------+


+----------------------------------------------------------------------------------------------------------------+
; Port Connectivity Checks: "CD4024B:U_4024"                                                                     ;
+------+--------+----------+-------------------------------------------------------------------------------------+
; Port ; Type   ; Severity ; Details                                                                             ;
+------+--------+----------+-------------------------------------------------------------------------------------+
; Q5   ; Output ; Info     ; Connected to dangling logic. Logic that only feeds a dangling port will be removed. ;
; Q6   ; Output ; Info     ; Connected to dangling logic. Logic that only feeds a dangling port will be removed. ;
; Q7   ; Output ; Info     ; Connected to dangling logic. Logic that only feeds a dangling port will be removed. ;
+------+--------+----------+-------------------------------------------------------------------------------------+


+---------------------------------------------------+
; Port Connectivity Checks: "CD4510B:D_Hr"          ;
+------+--------+----------+------------------------+
; Port ; Type   ; Severity ; Details                ;
+------+--------+----------+------------------------+
; PE   ; Input  ; Info     ; Stuck at GND           ;
; U_D  ; Input  ; Info     ; Stuck at VCC           ;
; P    ; Input  ; Info     ; Stuck at GND           ;
; COUT ; Output ; Info     ; Explicitly unconnected ;
+------+--------+----------+------------------------+


+------------------------------------------+
; Port Connectivity Checks: "CD4510B:U_Hr" ;
+------+-------+----------+----------------+
; Port ; Type  ; Severity ; Details        ;
+------+-------+----------+----------------+
; PE   ; Input ; Info     ; Stuck at GND   ;
; U_D  ; Input ; Info     ; Stuck at VCC   ;
; P    ; Input ; Info     ; Stuck at GND   ;
+------+-------+----------+----------------+


+---------------------------------------------------+
; Port Connectivity Checks: "CD4510B:D_Min"         ;
+------+--------+----------+------------------------+
; Port ; Type   ; Severity ; Details                ;
+------+--------+----------+------------------------+
; PE   ; Input  ; Info     ; Stuck at GND           ;
; U_D  ; Input  ; Info     ; Stuck at VCC           ;
; P    ; Input  ; Info     ; Stuck at GND           ;
; COUT ; Output ; Info     ; Explicitly unconnected ;
+------+--------+----------+------------------------+


+-------------------------------------------+
; Port Connectivity Checks: "CD4510B:U_Min" ;
+------+-------+----------+-----------------+
; Port ; Type  ; Severity ; Details         ;
+------+-------+----------+-----------------+
; PE   ; Input ; Info     ; Stuck at GND    ;
; U_D  ; Input ; Info     ; Stuck at VCC    ;
; P    ; Input ; Info     ; Stuck at GND    ;
+------+-------+----------+-----------------+


+---------------------------------------------------+
; Port Connectivity Checks: "CD4510B:D_Sec"         ;
+------+--------+----------+------------------------+
; Port ; Type   ; Severity ; Details                ;
+------+--------+----------+------------------------+
; PE   ; Input  ; Info     ; Stuck at GND           ;
; U_D  ; Input  ; Info     ; Stuck at VCC           ;
; P    ; Input  ; Info     ; Stuck at GND           ;
; COUT ; Output ; Info     ; Explicitly unconnected ;
+------+--------+----------+------------------------+


+-------------------------------------------+
; Port Connectivity Checks: "CD4510B:U_Sec" ;
+------+-------+----------+-----------------+
; Port ; Type  ; Severity ; Details         ;
+------+-------+----------+-----------------+
; PE   ; Input ; Info     ; Stuck at GND    ;
; U_D  ; Input ; Info     ; Stuck at VCC    ;
; CIN  ; Input ; Info     ; Stuck at GND    ;
; P    ; Input ; Info     ; Stuck at GND    ;
+------+-------+----------+-----------------+


+-----------------------------------------------------+
; Post-Synthesis Netlist Statistics for Top Partition ;
+-----------------------+-----------------------------+
; Type                  ; Count                       ;
+-----------------------+-----------------------------+
; boundary_port         ; 30                          ;
; cycloneiii_ff         ; 55                          ;
;     CLR               ; 35                          ;
;     ENA CLR           ; 20                          ;
; cycloneiii_lcell_comb ; 160                         ;
;     arith             ; 26                          ;
;         2 data inputs ; 25                          ;
;         3 data inputs ; 1                           ;
;     normal            ; 134                         ;
;         1 data inputs ; 31                          ;
;         2 data inputs ; 15                          ;
;         3 data inputs ; 40                          ;
;         4 data inputs ; 48                          ;
;                       ;                             ;
; Max LUT depth         ; 4.40                        ;
; Average LUT depth     ; 2.92                        ;
+-----------------------+-----------------------------+


+-------------------------------+
; Elapsed Time Per Partition    ;
+----------------+--------------+
; Partition Name ; Elapsed Time ;
+----------------+--------------+
; Top            ; 00:00:01     ;
+----------------+--------------+


+-------------------------------+
; Analysis & Synthesis Messages ;
+-------------------------------+
Info: *******************************************************************
Info: Running Quartus Prime Analysis & Synthesis
    Info: Version 18.1.0 Build 625 09/12/2018 SJ Lite Edition
    Info: Processing started: Fri Apr 10 11:20:24 2026
Info: Command: quartus_map --read_settings_files=on --write_settings_files=off relogio -c relogio
Warning (18236): Number of processors has not been specified which may cause overloading on shared machines.  Set the global assignment NUM_PARALLEL_PROCESSORS in your QSF to an appropriate value for best performance.
Info (20030): Parallel compilation is enabled and will use 8 of the 8 processors detected
Info (12021): Found 1 design units, including 1 entities, in source file cd4510b.v
    Info (12023): Found entity 1: CD4510B File: C:/Users/jp_da/Downloads/eletrica/ED2/Projetos/Lista1/Quartus/CD4510B.v Line: 12
Info (12021): Found 1 design units, including 1 entities, in source file mux2_1.v
    Info (12023): Found entity 1: mux2_1 File: C:/Users/jp_da/Downloads/eletrica/ED2/Projetos/Lista1/Quartus/mux2_1.v Line: 10
Info (12021): Found 1 design units, including 1 entities, in source file ffjk.v
    Info (12023): Found entity 1: ffjk File: C:/Users/jp_da/Downloads/eletrica/ED2/Projetos/Lista1/Quartus/ffjk.v Line: 10
Info (12021): Found 1 design units, including 1 entities, in source file decodificador_7seg.v
    Info (12023): Found entity 1: decodificador_7seg File: C:/Users/jp_da/Downloads/eletrica/ED2/Projetos/Lista1/Quartus/decodificador_7seg.v Line: 12
Info (12021): Found 1 design units, including 1 entities, in source file cd4024b.v
    Info (12023): Found entity 1: CD4024B File: C:/Users/jp_da/Downloads/eletrica/ED2/Projetos/Lista1/Quartus/CD4024B.v Line: 11
Info (12021): Found 1 design units, including 1 entities, in source file divisor_frequencia.v
    Info (12023): Found entity 1: divisor_frequencia File: C:/Users/jp_da/Downloads/eletrica/ED2/Projetos/Lista1/Quartus/divisor_frequencia.v Line: 10
Info (12021): Found 1 design units, including 1 entities, in source file relogio.v
    Info (12023): Found entity 1: relogio File: C:/Users/jp_da/Downloads/eletrica/ED2/Projetos/Lista1/Quartus/relogio.v Line: 11
Info (12021): Found 1 design units, including 1 entities, in source file tb_relogio.v
    Info (12023): Found entity 1: tb_relogio File: C:/Users/jp_da/Downloads/eletrica/ED2/Projetos/Lista1/Quartus/tb_relogio.v Line: 14
Info (12127): Elaborating entity "relogio" for the top level hierarchy
Info (12128): Elaborating entity "divisor_frequencia" for hierarchy "divisor_frequencia:div_clk" File: C:/Users/jp_da/Downloads/eletrica/ED2/Projetos/Lista1/Quartus/relogio.v Line: 27
Info (12128): Elaborating entity "CD4510B" for hierarchy "CD4510B:U_Sec" File: C:/Users/jp_da/Downloads/eletrica/ED2/Projetos/Lista1/Quartus/relogio.v Line: 46
Info (12128): Elaborating entity "CD4024B" for hierarchy "CD4024B:U_4024" File: C:/Users/jp_da/Downloads/eletrica/ED2/Projetos/Lista1/Quartus/relogio.v Line: 165
Info (12128): Elaborating entity "ffjk" for hierarchy "ffjk:FF_SEL" File: C:/Users/jp_da/Downloads/eletrica/ED2/Projetos/Lista1/Quartus/relogio.v Line: 176
Info (12128): Elaborating entity "mux2_1" for hierarchy "mux2_1:MUX1" File: C:/Users/jp_da/Downloads/eletrica/ED2/Projetos/Lista1/Quartus/relogio.v Line: 180
Info (12128): Elaborating entity "decodificador_7seg" for hierarchy "decodificador_7seg:Dec1" File: C:/Users/jp_da/Downloads/eletrica/ED2/Projetos/Lista1/Quartus/relogio.v Line: 198
Warning (10036): Verilog HDL or VHDL warning at decodificador_7seg.v(26): object "not_A" assigned a value but never read File: C:/Users/jp_da/Downloads/eletrica/ED2/Projetos/Lista1/Quartus/decodificador_7seg.v Line: 26
Info (286030): Timing-Driven Synthesis is running
Info (17049): 3 registers lost all their fanouts during netlist optimizations.
Info (16010): Generating hard_block partition "hard_block:auto_generated_inst"
    Info (16011): Adding 0 node(s), including 0 DDIO, 0 PLL, 0 transceiver and 0 LCELL
Info (21057): Implemented 162 device resources after synthesis - the final resource count might be different
    Info (21058): Implemented 2 input pins
    Info (21059): Implemented 28 output pins
    Info (21061): Implemented 132 logic cells
Info: Quartus Prime Analysis & Synthesis was successful. 0 errors, 2 warnings
    Info: Peak virtual memory: 4819 megabytes
    Info: Processing ended: Fri Apr 10 11:20:43 2026
    Info: Elapsed time: 00:00:19
    Info: Total CPU time (on all processors): 00:00:39


