Circuit: * C:\Users\laris\Documents\Faculdade\Eletrônica Digital II - 2026.1\Projeto I - Relogio Digital Sincrono\Questão 1 - Relogio Digital Utilizando Portas Lógicas Discretas CMOS\Relogio_Digital_Questao1.asc

WARNING: Less than two connections to node D_HM_SEG-A.  This node is used by R:X7:U1:OUT:OUT.
WARNING: Less than two connections to node D_HM_SEG-B.  This node is used by R:X7:U9:OUT:OUT.
WARNING: Less than two connections to node D_HM_SEG-C.  This node is used by R:X7:U10:OUT:OUT.
WARNING: Less than two connections to node D_HM_SEG-D.  This node is used by R:X7:U16:OUT:OUT.
WARNING: Less than two connections to node D_HM_SEG-E.  This node is used by R:X7:U18:OUT:OUT.
WARNING: Less than two connections to node D_HM_SEG-F.  This node is used by R:X7:U19:OUT:OUT.
WARNING: Less than two connections to node D_HM_SEG-G.  This node is used by R:X7:U20:OUT:OUT.
WARNING: Less than two connections to node U_HM_SEG-A.  This node is used by R:X8:U1:OUT:OUT.
WARNING: Less than two connections to node U_HM_SEG-B.  This node is used by R:X8:U9:OUT:OUT.
WARNING: Less than two connections to node U_HM_SEG-C.  This node is used by R:X8:U10:OUT:OUT.
WARNING: Less than two connections to node U_HM_SEG-D.  This node is used by R:X8:U16:OUT:OUT.
WARNING: Less than two connections to node U_HM_SEG-E.  This node is used by R:X8:U18:OUT:OUT.
WARNING: Less than two connections to node U_HM_SEG-F.  This node is used by R:X8:U19:OUT:OUT.
WARNING: Less than two connections to node U_HM_SEG-G.  This node is used by R:X8:U20:OUT:OUT.
WARNING: Less than two connections to node D_MS_SEG-A.  This node is used by R:X9:U1:OUT:OUT.
WARNING: Less than two connections to node D_MS_SEG-B.  This node is used by R:X9:U9:OUT:OUT.
WARNING: Less than two connections to node D_MS_SEG-C.  This node is used by R:X9:U10:OUT:OUT.
WARNING: Less than two connections to node D_MS_SEG-D.  This node is used by R:X9:U16:OUT:OUT.
WARNING: Less than two connections to node D_MS_SEG-E.  This node is used by R:X9:U18:OUT:OUT.
WARNING: Less than two connections to node D_MS_SEG-F.  This node is used by R:X9:U19:OUT:OUT.
WARNING: Less than two connections to node D_MS_SEG-G.  This node is used by R:X9:U20:OUT:OUT.
WARNING: Less than two connections to node U_MS_SEG-A.  This node is used by R:X10:U1:OUT:OUT.
WARNING: Less than two connections to node U_MS_SEG-B.  This node is used by R:X10:U9:OUT:OUT.
WARNING: Less than two connections to node U_MS_SEG-C.  This node is used by R:X10:U10:OUT:OUT.
WARNING: Less than two connections to node U_MS_SEG-D.  This node is used by R:X10:U16:OUT:OUT.
WARNING: Less than two connections to node U_MS_SEG-E.  This node is used by R:X10:U18:OUT:OUT.
WARNING: Less than two connections to node U_MS_SEG-F.  This node is used by R:X10:U19:OUT:OUT.
WARNING: Less than two connections to node U_MS_SEG-G.  This node is used by R:X10:U20:OUT:OUT.
Direct Newton iteration failed to find .op point.  (Use ".option noopiter" to skip.)
Starting Gmin stepping
Gmin = 10
Gmin = 1.07374
Gmin = 0.115292
Gmin = 0.0123794
Gmin = 0.00132923
Gmin = 0.000142725
vernier = 0.5
vernier = 0.25
vernier = 0.125
vernier = 0.0625
Gmin = 8.59707e-005
vernier = 0.03125
vernier = 0.015625
vernier = 0.0078125
vernier = 0.00390625
vernier = 0.00195313
vernier = 0.000976563
vernier = 0.000488281
Gmin = 0
Gmin stepping failed

Starting source stepping with srcstepmethod=0
Source Step = 3.0303%
Source Step = 33.3333%
Source Step = 63.6364%
Source Step = 70.7031%
Source Step = 70.7298%
Starting source stepping with srcstepmethod=1
Source Step = 3.0303%
Source Step = 33.3333%
Source Step = 63.6364%
Source Step = 93.9394%
Source Step = 100%
Source Step = 100%
Source Step = 100%
Source Step = 100%
Source stepping succeeded in finding the operating point.

Ignoring empty pin current: Ix(u1:b)
Ignoring empty pin current: Ix(u1:vdd)
Ignoring empty pin current: Ix(u2:a)
Ignoring empty pin current: Ix(u2:b)
Ignoring empty pin current: Ix(u2:y)
Ignoring empty pin current: Ix(u2:vdd)
Ignoring empty pin current: Ix(u2:vgnd)
Ignoring empty pin current: Ix(u3:a)
Ignoring empty pin current: Ix(u3:b)
Ignoring empty pin current: Ix(u3:y)
Ignoring empty pin current: Ix(u3:vdd)
Ignoring empty pin current: Ix(u3:vgnd)
Ignoring empty pin current: Ix(u4:a)
Ignoring empty pin current: Ix(u4:y)
Ignoring empty pin current: Ix(u4:vdd)
Ignoring empty pin current: Ix(u4:vgnd)
Ignoring empty pin current: Ix(x1:clk)
Ignoring empty pin current: Ix(x1:reset)
Ignoring empty pin current: Ix(x1:enable)
Ignoring empty pin current: Ix(x1:carry)
Ignoring empty pin current: Ix(x1:q0_d)
Ignoring empty pin current: Ix(x1:q0_u)
Ignoring empty pin current: Ix(x1:q1_d)
Ignoring empty pin current: Ix(x1:q1_u)
Ignoring empty pin current: Ix(x1:q2_d)
Ignoring empty pin current: Ix(x1:q2_u)
Ignoring empty pin current: Ix(x1:q3_u)
Ignoring empty pin current: Ix(x1:vdd)
Ignoring empty pin current: Ix(x2:clk)
Ignoring empty pin current: Ix(x2:enable)
Ignoring empty pin current: Ix(x2:reset)
Ignoring empty pin current: Ix(x2:vdd)
Ignoring empty pin current: Ix(x2:q0_24d)
Ignoring empty pin current: Ix(x2:q0_24u)
Ignoring empty pin current: Ix(x2:q1_24d)
Ignoring empty pin current: Ix(x2:q1_24u)
Ignoring empty pin current: Ix(x2:q2_24u)
Ignoring empty pin current: Ix(x2:q3_24u)
Ignoring empty pin current: Ix(x3:clk)
Ignoring empty pin current: Ix(x3:reset)
Ignoring empty pin current: Ix(x3:enable)
Ignoring empty pin current: Ix(x3:carry)
Ignoring empty pin current: Ix(x3:q0_d)
Ignoring empty pin current: Ix(x3:q0_u)
Ignoring empty pin current: Ix(x3:q1_d)
Ignoring empty pin current: Ix(x3:q1_u)
Ignoring empty pin current: Ix(x3:q2_d)
Ignoring empty pin current: Ix(x3:q2_u)
Ignoring empty pin current: Ix(x3:q3_u)
Ignoring empty pin current: Ix(x3:vdd)
Ignoring empty pin current: Ix(u6:a)
Ignoring empty pin current: Ix(u6:b)
Ignoring empty pin current: Ix(u6:y)
Ignoring empty pin current: Ix(u6:vdd)
Ignoring empty pin current: Ix(u6:vgnd)
Ignoring empty pin current: Ix(x4:clk)
Ignoring empty pin current: Ix(x4:reset)
Ignoring empty pin current: Ix(x4:enable)
Ignoring empty pin current: Ix(x4:carry)
Ignoring empty pin current: Ix(x4:vdd)
Ignoring empty pin current: Ix(u5:a)
Ignoring empty pin current: Ix(u5:b)
Ignoring empty pin current: Ix(u5:y)
Ignoring empty pin current: Ix(u5:vdd)
Ignoring empty pin current: Ix(u5:vgnd)
Ignoring empty pin current: Ix(u7:a)
Ignoring empty pin current: Ix(u7:b)
Ignoring empty pin current: Ix(u7:c)
Ignoring empty pin current: Ix(u7:y)
Ignoring empty pin current: Ix(u7:vdd)
Ignoring empty pin current: Ix(u7:vgnd)
Ignoring empty pin current: Ix(u24:a)
Ignoring empty pin current: Ix(u24:b)
Ignoring empty pin current: Ix(u24:y)
Ignoring empty pin current: Ix(u24:vdd)
Ignoring empty pin current: Ix(u24:vgnd)
Ignoring empty pin current: Ix(u8:a)
Ignoring empty pin current: Ix(u8:b)
Ignoring empty pin current: Ix(u8:y)
Ignoring empty pin current: Ix(u8:vdd)
Ignoring empty pin current: Ix(u8:vgnd)
Ignoring empty pin current: Ix(u9:a)
Ignoring empty pin current: Ix(u9:b)
Ignoring empty pin current: Ix(u9:c)
Ignoring empty pin current: Ix(u9:y)
Ignoring empty pin current: Ix(u9:vdd)
Ignoring empty pin current: Ix(u9:vgnd)
Ignoring empty pin current: Ix(u10:a)
Ignoring empty pin current: Ix(u10:b)
Ignoring empty pin current: Ix(u10:c)
Ignoring empty pin current: Ix(u10:y)
Ignoring empty pin current: Ix(u10:vdd)
Ignoring empty pin current: Ix(u10:vgnd)
Ignoring empty pin current: Ix(u11:a)
Ignoring empty pin current: Ix(u11:b)
Ignoring empty pin current: Ix(u11:y)
Ignoring empty pin current: Ix(u11:vdd)
Ignoring empty pin current: Ix(u11:vgnd)
Ignoring empty pin current: Ix(u12:a)
Ignoring empty pin current: Ix(u12:b)
Ignoring empty pin current: Ix(u12:y)
Ignoring empty pin current: Ix(u12:vdd)
Ignoring empty pin current: Ix(u12:vgnd)
Ignoring empty pin current: Ix(u14:a)
Ignoring empty pin current: Ix(u14:b)
Ignoring empty pin current: Ix(u14:y)
Ignoring empty pin current: Ix(u14:vdd)
Ignoring empty pin current: Ix(u14:vgnd)
Ignoring empty pin current: Ix(u15:a)
Ignoring empty pin current: Ix(u15:b)
Ignoring empty pin current: Ix(u15:y)
Ignoring empty pin current: Ix(u15:vdd)
Ignoring empty pin current: Ix(u15:vgnd)
Ignoring empty pin current: Ix(u16:a)
Ignoring empty pin current: Ix(u16:b)
Ignoring empty pin current: Ix(u16:y)
Ignoring empty pin current: Ix(u16:vdd)
Ignoring empty pin current: Ix(u16:vgnd)
Ignoring empty pin current: Ix(u17:a)
Ignoring empty pin current: Ix(u17:b)
Ignoring empty pin current: Ix(u17:c)
Ignoring empty pin current: Ix(u17:d)
Ignoring empty pin current: Ix(u17:y)
Ignoring empty pin current: Ix(u17:vdd)
Ignoring empty pin current: Ix(u17:vgnd)
Ignoring empty pin current: Ix(u18:a)
Ignoring empty pin current: Ix(u18:b)
Ignoring empty pin current: Ix(u18:y)
Ignoring empty pin current: Ix(u18:vdd)
Ignoring empty pin current: Ix(u18:vgnd)
Ignoring empty pin current: Ix(u19:a)
Ignoring empty pin current: Ix(u19:b)
Ignoring empty pin current: Ix(u19:c)
Ignoring empty pin current: Ix(u19:d)
Ignoring empty pin current: Ix(u19:y)
Ignoring empty pin current: Ix(u19:vdd)
Ignoring empty pin current: Ix(u19:vgnd)
Ignoring empty pin current: Ix(u20:a)
Ignoring empty pin current: Ix(u20:b)
Ignoring empty pin current: Ix(u20:c)
Ignoring empty pin current: Ix(u20:d)
Ignoring empty pin current: Ix(u20:y)
Ignoring empty pin current: Ix(u20:vdd)
Ignoring empty pin current: Ix(u20:vgnd)
Ignoring empty pin current: Ix(u13:a)
Ignoring empty pin current: Ix(u13:b)
Ignoring empty pin current: Ix(u13:c)
Ignoring empty pin current: Ix(u13:y)
Ignoring empty pin current: Ix(u13:vdd)
Ignoring empty pin current: Ix(u13:vgnd)
Ignoring empty pin current: Ix(u21:a)
Ignoring empty pin current: Ix(u21:b)
Ignoring empty pin current: Ix(u21:y)
Ignoring empty pin current: Ix(u21:vdd)
Ignoring empty pin current: Ix(u21:vgnd)
Ignoring empty pin current: Ix(u22:a)
Ignoring empty pin current: Ix(u22:b)
Ignoring empty pin current: Ix(u22:y)
Ignoring empty pin current: Ix(u22:vdd)
Ignoring empty pin current: Ix(u22:vgnd)
Ignoring empty pin current: Ix(u23:a)
Ignoring empty pin current: Ix(u23:b)
Ignoring empty pin current: Ix(u23:y)
Ignoring empty pin current: Ix(u23:vdd)
Ignoring empty pin current: Ix(u23:vgnd)
Ignoring empty pin current: Ix(u25:a)
Ignoring empty pin current: Ix(u25:b)
Ignoring empty pin current: Ix(u25:y)
Ignoring empty pin current: Ix(u25:vdd)
Ignoring empty pin current: Ix(u25:vgnd)
Ignoring empty pin current: Ix(u26:a)
Ignoring empty pin current: Ix(u26:b)
Ignoring empty pin current: Ix(u26:y)
Ignoring empty pin current: Ix(u26:vdd)
Ignoring empty pin current: Ix(u26:vgnd)
Ignoring empty pin current: Ix(u27:a)
Ignoring empty pin current: Ix(u27:b)
Ignoring empty pin current: Ix(u27:y)
Ignoring empty pin current: Ix(u27:vdd)
Ignoring empty pin current: Ix(u27:vgnd)
Ignoring empty pin current: Ix(u28:a)
Ignoring empty pin current: Ix(u28:b)
Ignoring empty pin current: Ix(u28:y)
Ignoring empty pin current: Ix(u28:vdd)
Ignoring empty pin current: Ix(u28:vgnd)
Ignoring empty pin current: Ix(x5:clear)
Ignoring empty pin current: Ix(x5:clk)
Ignoring empty pin current: Ix(x5:j)
Ignoring empty pin current: Ix(x5:k)
Ignoring empty pin current: Ix(x5:q)
Ignoring empty pin current: Ix(x5:nq)
Ignoring empty pin current: Ix(x6:q0_dh)
Ignoring empty pin current: Ix(x6:q0_dm)
Ignoring empty pin current: Ix(x6:q0_ds)
Ignoring empty pin current: Ix(x6:q0_uh)
Ignoring empty pin current: Ix(x6:q0_um)
Ignoring empty pin current: Ix(x6:q0_us)
Ignoring empty pin current: Ix(x6:q1_dh)
Ignoring empty pin current: Ix(x6:q1_dm)
Ignoring empty pin current: Ix(x6:q1_ds)
Ignoring empty pin current: Ix(x6:q1_uh)
Ignoring empty pin current: Ix(x6:q1_um)
Ignoring empty pin current: Ix(x6:q1_us)
Ignoring empty pin current: Ix(x6:q2_dm)
Ignoring empty pin current: Ix(x6:q2_ds)
Ignoring empty pin current: Ix(x6:q2_uh)
Ignoring empty pin current: Ix(x6:q2_um)
Ignoring empty pin current: Ix(x6:q2_us)
Ignoring empty pin current: Ix(x6:q3_uh)
Ignoring empty pin current: Ix(x6:q3_um)
Ignoring empty pin current: Ix(x6:q3_us)
Ignoring empty pin current: Ix(x6:sel)
Ignoring empty pin current: Ix(x6:d1_a)
Ignoring empty pin current: Ix(x6:d1_b)
Ignoring empty pin current: Ix(x6:d1_c)
Ignoring empty pin current: Ix(x6:d1_d)
Ignoring empty pin current: Ix(x6:d2_a)
Ignoring empty pin current: Ix(x6:d2_b)
Ignoring empty pin current: Ix(x6:d2_c)
Ignoring empty pin current: Ix(x6:d2_d)
Ignoring empty pin current: Ix(x6:d3_a)
Ignoring empty pin current: Ix(x6:d3_b)
Ignoring empty pin current: Ix(x6:d3_c)
Ignoring empty pin current: Ix(x6:d3_d)
Ignoring empty pin current: Ix(x6:d4_a)
Ignoring empty pin current: Ix(x6:d4_b)
Ignoring empty pin current: Ix(x6:d4_c)
Ignoring empty pin current: Ix(x6:d4_d)
Ignoring empty pin current: Ix(x7:a)
Ignoring empty pin current: Ix(x7:b)
Ignoring empty pin current: Ix(x7:c)
Ignoring empty pin current: Ix(x7:d)
Ignoring empty pin current: Ix(x7:seg-a)
Ignoring empty pin current: Ix(x7:seg-b)
Ignoring empty pin current: Ix(x7:seg-c)
Ignoring empty pin current: Ix(x7:seg-d)
Ignoring empty pin current: Ix(x7:seg-e)
Ignoring empty pin current: Ix(x7:seg-f)
Ignoring empty pin current: Ix(x7:seg-g)
Ignoring empty pin current: Ix(x8:a)
Ignoring empty pin current: Ix(x8:b)
Ignoring empty pin current: Ix(x8:c)
Ignoring empty pin current: Ix(x8:d)
Ignoring empty pin current: Ix(x8:seg-a)
Ignoring empty pin current: Ix(x8:seg-b)
Ignoring empty pin current: Ix(x8:seg-c)
Ignoring empty pin current: Ix(x8:seg-d)
Ignoring empty pin current: Ix(x8:seg-e)
Ignoring empty pin current: Ix(x8:seg-f)
Ignoring empty pin current: Ix(x8:seg-g)
Ignoring empty pin current: Ix(x9:a)
Ignoring empty pin current: Ix(x9:b)
Ignoring empty pin current: Ix(x9:c)
Ignoring empty pin current: Ix(x9:d)
Ignoring empty pin current: Ix(x9:seg-a)
Ignoring empty pin current: Ix(x9:seg-b)
Ignoring empty pin current: Ix(x9:seg-c)
Ignoring empty pin current: Ix(x9:seg-d)
Ignoring empty pin current: Ix(x9:seg-e)
Ignoring empty pin current: Ix(x9:seg-f)
Ignoring empty pin current: Ix(x9:seg-g)
Ignoring empty pin current: Ix(x10:a)
Ignoring empty pin current: Ix(x10:b)
Ignoring empty pin current: Ix(x10:c)
Ignoring empty pin current: Ix(x10:d)
Ignoring empty pin current: Ix(x10:seg-a)
Ignoring empty pin current: Ix(x10:seg-b)
Ignoring empty pin current: Ix(x10:seg-c)
Ignoring empty pin current: Ix(x10:seg-d)
Ignoring empty pin current: Ix(x10:seg-e)
Ignoring empty pin current: Ix(x10:seg-f)
Ignoring empty pin current: Ix(x10:seg-g)
Ignoring empty pin current: Ix(u1:b)
Ignoring empty pin current: Ix(u1:vdd)
Ignoring empty pin current: Ix(u2:a)
Ignoring empty pin current: Ix(u2:b)
Ignoring empty pin current: Ix(u2:y)
Ignoring empty pin current: Ix(u2:vdd)
Ignoring empty pin current: Ix(u2:vgnd)
Ignoring empty pin current: Ix(u3:a)
Ignoring empty pin current: Ix(u3:b)
Ignoring empty pin current: Ix(u3:y)
Ignoring empty pin current: Ix(u3:vdd)
Ignoring empty pin current: Ix(u3:vgnd)
Ignoring empty pin current: Ix(u4:a)
Ignoring empty pin current: Ix(u4:y)
Ignoring empty pin current: Ix(u4:vdd)
Ignoring empty pin current: Ix(u4:vgnd)
Ignoring empty pin current: Ix(x1:clk)
Ignoring empty pin current: Ix(x1:reset)
Ignoring empty pin current: Ix(x1:enable)
Ignoring empty pin current: Ix(x1:carry)
Ignoring empty pin current: Ix(x1:q0_d)
Ignoring empty pin current: Ix(x1:q0_u)
Ignoring empty pin current: Ix(x1:q1_d)
Ignoring empty pin current: Ix(x1:q1_u)
Ignoring empty pin current: Ix(x1:q2_d)
Ignoring empty pin current: Ix(x1:q2_u)
Ignoring empty pin current: Ix(x1:q3_u)
Ignoring empty pin current: Ix(x1:vdd)
Ignoring empty pin current: Ix(x2:clk)
Ignoring empty pin current: Ix(x2:enable)
Ignoring empty pin current: Ix(x2:reset)
Ignoring empty pin current: Ix(x2:vdd)
Ignoring empty pin current: Ix(x2:q0_24d)
Ignoring empty pin current: Ix(x2:q0_24u)
Ignoring empty pin current: Ix(x2:q1_24d)
Ignoring empty pin current: Ix(x2:q1_24u)
Ignoring empty pin current: Ix(x2:q2_24u)
Ignoring empty pin current: Ix(x2:q3_24u)
Ignoring empty pin current: Ix(x3:clk)
Ignoring empty pin current: Ix(x3:reset)
Ignoring empty pin current: Ix(x3:enable)
Ignoring empty pin current: Ix(x3:carry)
Ignoring empty pin current: Ix(x3:q0_d)
Ignoring empty pin current: Ix(x3:q0_u)
Ignoring empty pin current: Ix(x3:q1_d)
Ignoring empty pin current: Ix(x3:q1_u)
Ignoring empty pin current: Ix(x3:q2_d)
Ignoring empty pin current: Ix(x3:q2_u)
Ignoring empty pin current: Ix(x3:q3_u)
Ignoring empty pin current: Ix(x3:vdd)
Ignoring empty pin current: Ix(u6:a)
Ignoring empty pin current: Ix(u6:b)
Ignoring empty pin current: Ix(u6:y)
Ignoring empty pin current: Ix(u6:vdd)
Ignoring empty pin current: Ix(u6:vgnd)
Ignoring empty pin current: Ix(x4:clk)
Ignoring empty pin current: Ix(x4:reset)
Ignoring empty pin current: Ix(x4:enable)
Ignoring empty pin current: Ix(x4:carry)
Ignoring empty pin current: Ix(x4:vdd)
Ignoring empty pin current: Ix(u5:a)
Ignoring empty pin current: Ix(u5:b)
Ignoring empty pin current: Ix(u5:y)
Ignoring empty pin current: Ix(u5:vdd)
Ignoring empty pin current: Ix(u5:vgnd)
Ignoring empty pin current: Ix(u7:a)
Ignoring empty pin current: Ix(u7:b)
Ignoring empty pin current: Ix(u7:c)
Ignoring empty pin current: Ix(u7:y)
Ignoring empty pin current: Ix(u7:vdd)
Ignoring empty pin current: Ix(u7:vgnd)
Ignoring empty pin current: Ix(u24:a)
Ignoring empty pin current: Ix(u24:b)
Ignoring empty pin current: Ix(u24:y)
Ignoring empty pin current: Ix(u24:vdd)
Ignoring empty pin current: Ix(u24:vgnd)
Ignoring empty pin current: Ix(u8:a)
Ignoring empty pin current: Ix(u8:b)
Ignoring empty pin current: Ix(u8:y)
Ignoring empty pin current: Ix(u8:vdd)
Ignoring empty pin current: Ix(u8:vgnd)
Ignoring empty pin current: Ix(u9:a)
Ignoring empty pin current: Ix(u9:b)
Ignoring empty pin current: Ix(u9:c)
Ignoring empty pin current: Ix(u9:y)
Ignoring empty pin current: Ix(u9:vdd)
Ignoring empty pin current: Ix(u9:vgnd)
Ignoring empty pin current: Ix(u10:a)
Ignoring empty pin current: Ix(u10:b)
Ignoring empty pin current: Ix(u10:c)
Ignoring empty pin current: Ix(u10:y)
Ignoring empty pin current: Ix(u10:vdd)
Ignoring empty pin current: Ix(u10:vgnd)
Ignoring empty pin current: Ix(u11:a)
Ignoring empty pin current: Ix(u11:b)
Ignoring empty pin current: Ix(u11:y)
Ignoring empty pin current: Ix(u11:vdd)
Ignoring empty pin current: Ix(u11:vgnd)
Ignoring empty pin current: Ix(u12:a)
Ignoring empty pin current: Ix(u12:b)
Ignoring empty pin current: Ix(u12:y)
Ignoring empty pin current: Ix(u12:vdd)
Ignoring empty pin current: Ix(u12:vgnd)
Ignoring empty pin current: Ix(u14:a)
Ignoring empty pin current: Ix(u14:b)
Ignoring empty pin current: Ix(u14:y)
Ignoring empty pin current: Ix(u14:vdd)
Ignoring empty pin current: Ix(u14:vgnd)
Ignoring empty pin current: Ix(u15:a)
Ignoring empty pin current: Ix(u15:b)
Ignoring empty pin current: Ix(u15:y)
Ignoring empty pin current: Ix(u15:vdd)
Ignoring empty pin current: Ix(u15:vgnd)
Ignoring empty pin current: Ix(u16:a)
Ignoring empty pin current: Ix(u16:b)
Ignoring empty pin current: Ix(u16:y)
Ignoring empty pin current: Ix(u16:vdd)
Ignoring empty pin current: Ix(u16:vgnd)
Ignoring empty pin current: Ix(u17:a)
Ignoring empty pin current: Ix(u17:b)
Ignoring empty pin current: Ix(u17:c)
Ignoring empty pin current: Ix(u17:d)
Ignoring empty pin current: Ix(u17:y)
Ignoring empty pin current: Ix(u17:vdd)
Ignoring empty pin current: Ix(u17:vgnd)
Ignoring empty pin current: Ix(u18:a)
Ignoring empty pin current: Ix(u18:b)
Ignoring empty pin current: Ix(u18:y)
Ignoring empty pin current: Ix(u18:vdd)
Ignoring empty pin current: Ix(u18:vgnd)
Ignoring empty pin current: Ix(u19:a)
Ignoring empty pin current: Ix(u19:b)
Ignoring empty pin current: Ix(u19:c)
Ignoring empty pin current: Ix(u19:d)
Ignoring empty pin current: Ix(u19:y)
Ignoring empty pin current: Ix(u19:vdd)
Ignoring empty pin current: Ix(u19:vgnd)
Ignoring empty pin current: Ix(u20:a)
Ignoring empty pin current: Ix(u20:b)
Ignoring empty pin current: Ix(u20:c)
Ignoring empty pin current: Ix(u20:d)
Ignoring empty pin current: Ix(u20:y)
Ignoring empty pin current: Ix(u20:vdd)
Ignoring empty pin current: Ix(u20:vgnd)
Ignoring empty pin current: Ix(u13:a)
Ignoring empty pin current: Ix(u13:b)
Ignoring empty pin current: Ix(u13:c)
Ignoring empty pin current: Ix(u13:y)
Ignoring empty pin current: Ix(u13:vdd)
Ignoring empty pin current: Ix(u13:vgnd)
Ignoring empty pin current: Ix(u21:a)
Ignoring empty pin current: Ix(u21:b)
Ignoring empty pin current: Ix(u21:y)
Ignoring empty pin current: Ix(u21:vdd)
Ignoring empty pin current: Ix(u21:vgnd)
Ignoring empty pin current: Ix(u22:a)
Ignoring empty pin current: Ix(u22:b)
Ignoring empty pin current: Ix(u22:y)
Ignoring empty pin current: Ix(u22:vdd)
Ignoring empty pin current: Ix(u22:vgnd)
Ignoring empty pin current: Ix(u23:a)
Ignoring empty pin current: Ix(u23:b)
Ignoring empty pin current: Ix(u23:y)
Ignoring empty pin current: Ix(u23:vdd)
Ignoring empty pin current: Ix(u23:vgnd)
Ignoring empty pin current: Ix(u25:a)
Ignoring empty pin current: Ix(u25:b)
Ignoring empty pin current: Ix(u25:y)
Ignoring empty pin current: Ix(u25:vdd)
Ignoring empty pin current: Ix(u25:vgnd)
Ignoring empty pin current: Ix(u26:a)
Ignoring empty pin current: Ix(u26:b)
Ignoring empty pin current: Ix(u26:y)
Ignoring empty pin current: Ix(u26:vdd)
Ignoring empty pin current: Ix(u26:vgnd)
Ignoring empty pin current: Ix(u27:a)
Ignoring empty pin current: Ix(u27:b)
Ignoring empty pin current: Ix(u27:y)
Ignoring empty pin current: Ix(u27:vdd)
Ignoring empty pin current: Ix(u27:vgnd)
Ignoring empty pin current: Ix(u28:a)
Ignoring empty pin current: Ix(u28:b)
Ignoring empty pin current: Ix(u28:y)
Ignoring empty pin current: Ix(u28:vdd)
Ignoring empty pin current: Ix(u28:vgnd)
Ignoring empty pin current: Ix(x5:clear)
Ignoring empty pin current: Ix(x5:clk)
Ignoring empty pin current: Ix(x5:j)
Ignoring empty pin current: Ix(x5:k)
Ignoring empty pin current: Ix(x5:q)
Ignoring empty pin current: Ix(x5:nq)
Ignoring empty pin current: Ix(x6:q0_dh)
Ignoring empty pin current: Ix(x6:q0_dm)
Ignoring empty pin current: Ix(x6:q0_ds)
Ignoring empty pin current: Ix(x6:q0_uh)
Ignoring empty pin current: Ix(x6:q0_um)
Ignoring empty pin current: Ix(x6:q0_us)
Ignoring empty pin current: Ix(x6:q1_dh)
Ignoring empty pin current: Ix(x6:q1_dm)
Ignoring empty pin current: Ix(x6:q1_ds)
Ignoring empty pin current: Ix(x6:q1_uh)
Ignoring empty pin current: Ix(x6:q1_um)
Ignoring empty pin current: Ix(x6:q1_us)
Ignoring empty pin current: Ix(x6:q2_dm)
Ignoring empty pin current: Ix(x6:q2_ds)
Ignoring empty pin current: Ix(x6:q2_uh)
Ignoring empty pin current: Ix(x6:q2_um)
Ignoring empty pin current: Ix(x6:q2_us)
Ignoring empty pin current: Ix(x6:q3_uh)
Ignoring empty pin current: Ix(x6:q3_um)
Ignoring empty pin current: Ix(x6:q3_us)
Ignoring empty pin current: Ix(x6:sel)
Ignoring empty pin current: Ix(x6:d1_a)
Ignoring empty pin current: Ix(x6:d1_b)
Ignoring empty pin current: Ix(x6:d1_c)
Ignoring empty pin current: Ix(x6:d1_d)
Ignoring empty pin current: Ix(x6:d2_a)
Ignoring empty pin current: Ix(x6:d2_b)
Ignoring empty pin current: Ix(x6:d2_c)
Ignoring empty pin current: Ix(x6:d2_d)
Ignoring empty pin current: Ix(x6:d3_a)
Ignoring empty pin current: Ix(x6:d3_b)
Ignoring empty pin current: Ix(x6:d3_c)
Ignoring empty pin current: Ix(x6:d3_d)
Ignoring empty pin current: Ix(x6:d4_a)
Ignoring empty pin current: Ix(x6:d4_b)
Ignoring empty pin current: Ix(x6:d4_c)
Ignoring empty pin current: Ix(x6:d4_d)
Ignoring empty pin current: Ix(x7:a)
Ignoring empty pin current: Ix(x7:b)
Ignoring empty pin current: Ix(x7:c)
Ignoring empty pin current: Ix(x7:d)
Ignoring empty pin current: Ix(x7:seg-a)
Ignoring empty pin current: Ix(x7:seg-b)
Ignoring empty pin current: Ix(x7:seg-c)
Ignoring empty pin current: Ix(x7:seg-d)
Ignoring empty pin current: Ix(x7:seg-e)
Ignoring empty pin current: Ix(x7:seg-f)
Ignoring empty pin current: Ix(x7:seg-g)
Ignoring empty pin current: Ix(x8:a)
Ignoring empty pin current: Ix(x8:b)
Ignoring empty pin current: Ix(x8:c)
Ignoring empty pin current: Ix(x8:d)
Ignoring empty pin current: Ix(x8:seg-a)
Ignoring empty pin current: Ix(x8:seg-b)
Ignoring empty pin current: Ix(x8:seg-c)
Ignoring empty pin current: Ix(x8:seg-d)
Ignoring empty pin current: Ix(x8:seg-e)
Ignoring empty pin current: Ix(x8:seg-f)
Ignoring empty pin current: Ix(x8:seg-g)
Ignoring empty pin current: Ix(x9:a)
Ignoring empty pin current: Ix(x9:b)
Ignoring empty pin current: Ix(x9:c)
Ignoring empty pin current: Ix(x9:d)
Ignoring empty pin current: Ix(x9:seg-a)
Ignoring empty pin current: Ix(x9:seg-b)
Ignoring empty pin current: Ix(x9:seg-c)
Ignoring empty pin current: Ix(x9:seg-d)
Ignoring empty pin current: Ix(x9:seg-e)
Ignoring empty pin current: Ix(x9:seg-f)
Ignoring empty pin current: Ix(x9:seg-g)
Ignoring empty pin current: Ix(x10:a)
Ignoring empty pin current: Ix(x10:b)
Ignoring empty pin current: Ix(x10:c)
Ignoring empty pin current: Ix(x10:d)
Ignoring empty pin current: Ix(x10:seg-a)
Ignoring empty pin current: Ix(x10:seg-b)
Ignoring empty pin current: Ix(x10:seg-c)
Ignoring empty pin current: Ix(x10:seg-d)
Ignoring empty pin current: Ix(x10:seg-e)
Ignoring empty pin current: Ix(x10:seg-f)
Ignoring empty pin current: Ix(x10:seg-g)
Heightened Def Con from 0.0185023 to 0.0185023

Date: Fri May 15 21:20:50 2026
Total elapsed time: 39.059 seconds.

tnom = 27
temp = 27
method = modified trap
totiter = 30742
traniter = 26154
tranpoints = 11719
accept = 9582
rejected = 2138
matrix size = 6281
fillins = 573
solver = Normal
Thread vector: 1286.3/309.0[12] 244.3/128.9[12] 171.5/88.8[12] 11.0/17.3[1]  2592/500
Matrix Compiler1:   11287 opcodes  84.0/[45.0]/55.9
Matrix Compiler2: 340.07 KB object code size  40.7/77.9/[42.3]

